<html>
<body>
<pre>
<h1>礦ision Build Log</h1>
<h2>Tool Versions:</h2>
IDE-Version: μVision V5.27.0.0
Copyright (C) 2018 ARM Ltd and ARM Germany GmbH. All rights reserved.
License Information: chen depeng, depeng, LIC=YA39H-W2XRR-PC0J8-3971T-3MT39-GE9GM
 
Tool Versions:
Toolchain:       MDK-ARM Plus  Version: 5.27.0.0
Toolchain Path:  E:\keil5\ARM\ARMCC\Bin
C Compiler:      Armcc.exe V5.06 update 6 (build 750)
Assembler:       Armasm.exe V5.06 update 6 (build 750)
Linker/Locator:  ArmLink.exe V5.06 update 6 (build 750)
Library Manager: ArmAr.exe V5.06 update 6 (build 750)
Hex Converter:   FromElf.exe V5.06 update 6 (build 750)
CPU DLL:         SARMCM3.DLL V5.27.0.0
Dialog DLL:      DCM.DLL V1.17.2.0
Target DLL:      STLink\ST-LINKIII-KEIL_SWO.dll V3.0.5.0
Dialog DLL:      TCM.DLL V1.36.1.0
 
<h2>Project:</h2>
F:\码表软件\踏勘项目v1.9\X-TRACK-main-四按键版 - v1.6 - 可修改\Software\X-Track\MDK-ARM\proj.uvprojx
Project File Date:  12/10/2021

<h2>Output:</h2>
*** Using Compiler 'V5.06 update 6 (build 750)', folder: 'E:\keil5\ARM\ARMCC\Bin'
Rebuild target 'X-Track'
compiling DP_Clock.cpp...
compiling DataProc.cpp...
compiling App.cpp...
compiling DP_GPS.cpp...
compiling DP_SportStatus.cpp...
compiling DP_Power.cpp...
compiling main.cpp...
compiling DP_IMU.cpp...
compiling DP_MAG.cpp...
compiling DP_MusicPlayer.cpp...
compiling DP_Storage.cpp...
compiling DP_TzConv.cpp...
compiling DP_SysConfig.cpp...
compiling DP_TrackFilter.cpp...
compiling AppFactory.cpp...
compiling DP_Recorder.cpp...
compiling Startup.cpp...
compiling StatusBar.cpp...
compiling StartupModel.cpp...
compiling StartupView.cpp...
compiling DialplateModel.cpp...
compiling Dialplate.cpp...
compiling DialplateView.cpp...
compiling LiveMapModel.cpp...
compiling LiveMap.cpp...
compiling LiveMapView.cpp...
compiling SystemInfosModel.cpp...
compiling Template.cpp...
compiling SystemInfosView.cpp...
compiling TemplateModel.cpp...
compiling TemplateView.cpp...
compiling ResourcePool.cpp...
compiling font_bahnschrift_13.c...
compiling font_bahnschrift_32.c...
compiling font_bahnschrift_17.c...
compiling font_bahnschrift_65.c...
compiling SystemInfos.cpp...
compiling img_src_gps_arrow_dark.c...
compiling font_agencyb_36.c...
compiling img_src_gps_arrow_default.c...
compiling img_src_gps_arrow_light.c...
compiling img_src_gps_pin.c...
compiling img_src_alarm.c...
compiling img_src_battery.c...
compiling img_src_locate.c...
compiling img_src_origin_point.c...
compiling img_src_menu.c...
compiling img_src_satellite.c...
compiling img_src_stop.c...
compiling img_src_trip.c...
compiling img_src_pause.c...
compiling img_src_start.c...
compiling img_src_battery_info.c...
compiling img_src_bicycle.c...
compiling img_src_compass.c...
compiling img_src_gyroscope.c...
compiling img_src_map_location.c...
compiling img_src_storage.c...
compiling img_src_system_info.c...
compiling img_src_time_info.c...
compiling PingPongBuffer.c...
compiling img_src_sd_card.c...
compiling GPX.cpp...
compiling DataCenter.cpp...
compiling Account.cpp...
compiling GPX_Parser.cpp...
compiling lv_anim_timeline_wrapper.c...
compiling lv_obj_ext_func.cpp...
compiling lv_label_anim_effect.cpp...
compiling MapConv.cpp...
compiling GPS_Transform.c...
compiling lv_poly_line.cpp...
compiling lv_monkey.c...
compiling TileSystem.cpp...
compiling new.cpp...
compiling PM_Anim.cpp...
compiling PM_Base.cpp...
compiling PM_Drag.cpp...
compiling PM_Router.cpp...
compiling PM_State.cpp...
compiling ResourceManager.cpp...
compiling PointContainer.cpp...
compiling TonePlayer.cpp...
compiling DateStrings.cpp...
compiling TileConv.cpp...
compiling TrackLineFilter.cpp...
compiling TrackPointFilter.cpp...
compiling Time.cpp...
compiling HAL_Audio.cpp...
compiling HAL.cpp...
compiling HAL_Clock.cpp...
compiling HAL_Backlight.cpp...
compiling StorageService.cpp...
compiling HAL_Buzz.cpp...
compiling HAL_Display.cpp...
compiling HAL_Encoder.cpp...
compiling HAL_GPS.cpp...
compiling HAL_I2C_Scan.cpp...
compiling HAL_IMU.cpp...
compiling HAL_FaultHandle.cpp...
compiling HAL_MAG.cpp...
compiling HAL_Memory.cpp...
compiling HAL_Power.cpp...
compiling HAL_SD_CARD.cpp...
compiling lv_disp.c...
compiling lv_event.c...
compiling lv_group.c...
compiling lv_indev.c...
compiling lv_indev_scroll.c...
compiling HAL_Hall.cpp...
..\USER\HAL\HAL_Hall.cpp(61): warning:  #1-D: last line of file ends without a newline
  }
..\USER\HAL\HAL_Hall.cpp: 1 warning, 0 errors
compiling rt_sys.cpp...
compiling lv_obj_class.c...
compiling lv_obj.c...
compiling lv_obj_draw.c...
compiling lv_obj_pos.c...
compiling lv_obj_scroll.c...
compiling lv_obj_style.c...
compiling lv_obj_style_gen.c...
compiling lv_obj_tree.c...
compiling lv_theme.c...
compiling lv_refr.c...
compiling lv_draw_arc.c...
compiling lv_draw_img.c...
compiling lv_draw_blend.c...
compiling lv_draw_line.c...
compiling lv_draw_label.c...
compiling lv_draw_triangle.c...
compiling lv_img_buf.c...
compiling lv_img_cache.c...
compiling lv_draw_mask.c...
compiling lv_draw_rect.c...
compiling lv_img_decoder.c...
compiling lv_grid.c...
compiling lv_flex.c...
compiling lv_theme_basic.c...
compiling lv_theme_default.c...
compiling lv_calendar_header_arrow.c...
compiling lv_calendar.c...
compiling lv_calendar_header_dropdown.c...
compiling lv_keyboard.c...
compiling lv_colorwheel.c...
compiling lv_imgbtn.c...
compiling lv_led.c...
compiling lv_list.c...
compiling lv_msgbox.c...
compiling lv_spinner.c...
compiling lv_spinbox.c...
compiling lv_tabview.c...
compiling lv_tileview.c...
compiling lv_win.c...
compiling lv_extra.c...
compiling lv_font.c...
compiling lv_font_dejavu_16_persian_hebrew.c...
compiling lv_font_fmt_txt.c...
compiling lv_font_montserrat_8.c...
compiling lv_font_loader.c...
compiling lv_font_montserrat_10.c...
compiling lv_font_montserrat_12.c...
compiling lv_font_montserrat_12_subpx.c...
compiling lv_font_montserrat_14.c...
compiling lv_font_montserrat_16.c...
compiling lv_font_montserrat_18.c...
compiling lv_font_montserrat_20.c...
compiling lv_font_montserrat_22.c...
compiling lv_font_montserrat_24.c...
compiling lv_font_montserrat_26.c...
compiling lv_font_montserrat_28.c...
compiling lv_font_montserrat_28_compressed.c...
compiling lv_font_montserrat_30.c...
compiling lv_font_montserrat_32.c...
compiling lv_font_montserrat_34.c...
compiling lv_font_montserrat_36.c...
compiling lv_font_montserrat_38.c...
compiling lv_font_montserrat_40.c...
compiling lv_font_montserrat_42.c...
compiling lv_font_montserrat_44.c...
compiling lv_font_montserrat_46.c...
compiling lv_font_montserrat_48.c...
compiling lv_font_unscii_8.c...
compiling lv_font_simsun_16_cjk.c...
compiling lv_font_unscii_16.c...
compiling lv_hal_disp.c...
compiling lv_hal_indev.c...
compiling lv_anim_timeline.c...
compiling lv_anim.c...
compiling lv_async.c...
compiling lv_bidi.c...
compiling lv_area.c...
compiling lv_color.c...
compiling lv_gc.c...
compiling lv_fs.c...
compiling lv_log.c...
compiling lv_ll.c...
compiling lv_math.c...
compiling lv_hal_tick.c...
compiling lv_mem.c...
compiling lv_style.c...
compiling lv_templ.c...
compiling lv_printf.c...
compiling lv_style_gen.c...
compiling lv_timer.c...
compiling lv_txt_ap.c...
compiling lv_utils.c...
compiling lv_tlsf.c...
compiling lv_txt.c...
compiling lv_btn.c...
compiling lv_bar.c...
compiling lv_arc.c...
compiling lv_btnmatrix.c...
compiling lv_checkbox.c...
compiling lv_canvas.c...
compiling lv_dropdown.c...
compiling lv_img.c...
compiling lv_line.c...
compiling lv_objx_templ.c...
compiling lv_label.c...
compiling lv_switch.c...
compiling lv_roller.c...
compiling lv_slider.c...
compiling lv_table.c...
compiling lv_textarea.c...
compiling lv_meter.c...
compiling lv_animimg.c...
compiling lv_snapshot.c...
compiling lv_chart.c...
compiling lv_span.c...
compiling lv_port.cpp...
compiling lv_port_indev.cpp...
compiling lv_port_disp.cpp...
compiling lv_port_fs_sdfat.cpp...
compiling Adafruit_GFX.cpp...
compiling Adafruit_ST7789.cpp...
compiling LIS3MDL.cpp...
compiling LSM6DSM.cpp...
compiling TinyGPS++.cpp...
compiling StackInfo.c...
compiling ButtonEvent.cpp...
compiling FatFilePrint.cpp...
compiling FatFileLFN.cpp...
compiling FatFile.cpp...
compiling FmtNumber.cpp...
compiling FatFileSFN.cpp...
compiling FatVolume.cpp...
compiling fstream.cpp...
compiling istream.cpp...
compiling SdSpiCardEX.cpp...
compiling ostream.cpp...
compiling SdSpiCard.cpp...
compiling StdioStream.cpp...
compiling cm_backtrace.c...
compiling dtostrf.c...
compiling itoa.c...
compiling SdSpiSTM32.cpp...
compiling Arduino.c...
compiling MinimumSerial.cpp...
compiling Print.cpp...
compiling HardwareSerial.cpp...
compiling Stream.cpp...
compiling Tone.cpp...
compiling Wire.cpp...
compiling SPI.cpp...
compiling WMath.cpp...
compiling WString.cpp...
compiling adc.c...
compiling delay.c...
compiling WireBase.cpp...
compiling exti.c...
compiling gpio.c...
compiling rtc.c...
compiling timer.c...
compiling pwm.c...
compiling extend_SRAM.c...
compiling at32f4xx_bkp.c...
compiling at32f4xx_dma.c...
compiling at32f4xx_adc.c...
compiling at32f4xx_pwr.c...
compiling at32f4xx_exti.c...
compiling at32f4xx_gpio.c...
compiling at32f4xx_flash.c...
compiling at32f4xx_rtc.c...
compiling at32f4xx_spi.c...
compiling at32f4xx_rcc.c...
assembling startup_at32f403acgu7.s...
compiling at32f4xx_tim.c...
compiling misc.c...
compiling at32f4xx_usart.c...
compiling system_at32f4xx.c...
linking...
Program Size: Code=193792 RO-data=98176 RW-data=872 ZI-data=211936  
FromELF: creating hex file...
".\Objects\X-Track.axf" - 0 Error(s), 1 Warning(s).

<h2>Software Packages used:</h2>

Package Vendor: ARM
                http://www.keil.com/pack/ARM.CMSIS.5.8.0.pack
                ARM.CMSIS.5.8.0
                CMSIS (Common Microcontroller Software Interface Standard)
   * Component: CORE Version: 5.5.0

Package Vendor: Keil
                
                Keil.AT32F4xx_DFP.1.3.7
                ArteryTek AT32F4 Series Device Support,Drivers
   * Component: Startup Version: 1.0.1
   * Component: ADC Version: 1.0.1
   * Component: BKPR Version: 1.0.1
   * Component: DMA Version: 1.0.1
   * Component: EXTI Version: 1.0.1
   * Component: FMC Version: 1.0.1
   * Component: Framework Version: 1.0.1
   * Component: GPIO Version: 1.0.1
   * Component: PWR Version: 1.0.1
   * Component: RCC Version: 1.0.1
   * Component: RTC Version: 1.0.1
   * Component: SPI Version: 1.0.1
   * Component: TIMER Version: 1.0.1
   * Component: USART Version: 1.0.1
   * Component: System_AT32Fxx Version: 1.0.1

<h2>Collection of Component include folders:</h2>
  .\RTE\_X-Track
  E:\keil5\ARM\CMSIS\5.8.0\CMSIS\Core\Include
  E:\keil5\Keil\AT32F4xx_DFP\1.3.7\Device\Include
  E:\keil5\Keil\AT32F4xx_DFP\1.3.7\Device\StdPeriph_Driver\inc
  E:\keil5\Keil\AT32F4xx_DFP\1.3.7\Device\StdPeriph_Driver\templates

<h2>Collection of Component Files used:</h2>

   * Component: ARM::CMSIS:CORE:5.5.0

   * Component: Keil::Device:Startup:1.0.1
      Source file:   Device\Source\ARM\startup_at32f403acgu7.s

   * Component: Keil::Device:StdPeriph Drivers:ADC:1.0.1
      Include file:  Device\StdPeriph_Driver\inc\at32f4xx_adc.h
      Source file:   Device\StdPeriph_Driver\src\at32f4xx_adc.c

   * Component: Keil::Device:StdPeriph Drivers:BKPR:1.0.1
      Include file:  Device\StdPeriph_Driver\inc\at32f4xx_bkp.h
      Source file:   Device\StdPeriph_Driver\src\at32f4xx_bkp.c

   * Component: Keil::Device:StdPeriph Drivers:DMA:1.0.1
      Include file:  Device\StdPeriph_Driver\inc\at32f4xx_dma.h
      Source file:   Device\StdPeriph_Driver\src\at32f4xx_dma.c

   * Component: Keil::Device:StdPeriph Drivers:EXTI:1.0.1
      Include file:  Device\StdPeriph_Driver\inc\at32f4xx_exti.h
      Source file:   Device\StdPeriph_Driver\src\at32f4xx_exti.c

   * Component: Keil::Device:StdPeriph Drivers:FMC:1.0.1
      Source file:   Device\StdPeriph_Driver\src\at32f4xx_flash.c
      Include file:  Device\StdPeriph_Driver\inc\at32f4xx_flash.h

   * Component: Keil::Device:StdPeriph Drivers:Framework:1.0.1
      Source file:   Device\StdPeriph_Driver\src\misc.c
      Source file:   Device\StdPeriph_Driver\templates\at32f4xx_it.c
      Source file:   Device\StdPeriph_Driver\templates\at32f4xx_conf.h

   * Component: Keil::Device:StdPeriph Drivers:GPIO:1.0.1
      Source file:   Device\StdPeriph_Driver\src\at32f4xx_gpio.c
      Include file:  Device\StdPeriph_Driver\inc\at32f4xx_gpio.h

   * Component: Keil::Device:StdPeriph Drivers:PWR:1.0.1
      Include file:  Device\StdPeriph_Driver\inc\at32f4xx_pwr.h
      Source file:   Device\StdPeriph_Driver\src\at32f4xx_pwr.c

   * Component: Keil::Device:StdPeriph Drivers:RCC:1.0.1
      Source file:   Device\StdPeriph_Driver\src\at32f4xx_rcc.c
      Include file:  Device\StdPeriph_Driver\inc\at32f4xx_rcc.h

   * Component: Keil::Device:StdPeriph Drivers:RTC:1.0.1
      Include file:  Device\StdPeriph_Driver\inc\at32f4xx_rtc.h
      Source file:   Device\StdPeriph_Driver\src\at32f4xx_rtc.c

   * Component: Keil::Device:StdPeriph Drivers:SPI:1.0.1
      Source file:   Device\StdPeriph_Driver\src\at32f4xx_spi.c
      Include file:  Device\StdPeriph_Driver\inc\at32f4xx_spi.h

   * Component: Keil::Device:StdPeriph Drivers:TIMER:1.0.1
      Include file:  Device\StdPeriph_Driver\inc\at32f4xx_tim.h
      Source file:   Device\StdPeriph_Driver\src\at32f4xx_tim.c

   * Component: Keil::Device:StdPeriph Drivers:USART:1.0.1
      Include file:  Device\StdPeriph_Driver\inc\at32f4xx_usart.h
      Source file:   Device\StdPeriph_Driver\src\at32f4xx_usart.c

   * Component: Keil::Device:System_AT32Fxx:1.0.1
      Source file:   Device\Source\system_at32f4xx.c
Build Time Elapsed:  00:01:07
</pre>
</body>
</html>
