<html>
<body>
<pre>
<h1>礦ision Build Log</h1>
<h2>Tool Versions:</h2>
IDE-Version: μVision V5.27.0.0
Copyright (C) 2018 ARM Ltd and ARM Germany GmbH. All rights reserved.
License Information: chen depeng, depeng, LIC=YA39H-W2XRR-PC0J8-3971T-3MT39-GE9GM
 
Tool Versions:
Toolchain:       MDK-ARM Plus  Version: 5.27.0.0
Toolchain Path:  E:\keil5\ARM\ARMCC\Bin
C Compiler:      Armcc.exe V5.06 update 6 (build 750)
Assembler:       Armasm.exe V5.06 update 6 (build 750)
Linker/Locator:  ArmLink.exe V5.06 update 6 (build 750)
Library Manager: ArmAr.exe V5.06 update 6 (build 750)
Hex Converter:   FromElf.exe V5.06 update 6 (build 750)
CPU DLL:         SARMCM3.DLL V5.27.0.0
Dialog DLL:      DCM.DLL V1.17.2.0
Target DLL:      STLink\ST-LINKIII-KEIL_SWO.dll V3.0.5.0
Dialog DLL:      TCM.DLL V1.36.1.0
 
<h2>Project:</h2>
F:\码表软件\踏勘项目v1.9\X-TRACK-main-四按键版\Software\X-Track\MDK-ARM\proj.uvprojx
Project File Date:  11/04/2021

<h2>Output:</h2>
*** Using Compiler 'V5.06 update 6 (build 750)', folder: 'E:\keil5\ARM\ARMCC\Bin'
Build target 'X-Track'
compiling lv_port_indev.cpp...
linking...
Program Size: Code=192976 RO-data=98176 RW-data=820 ZI-data=211924  
FromELF: creating hex file...
".\Objects\X-Track.axf" - 0 Error(s), 0 Warning(s).

<h2>Software Packages used:</h2>

Package Vendor: ARM
                http://www.keil.com/pack/ARM.CMSIS.5.8.0.pack
                ARM.CMSIS.5.8.0
                CMSIS (Common Microcontroller Software Interface Standard)
   * Component: CORE Version: 5.5.0

Package Vendor: Keil
                
                Keil.AT32F4xx_DFP.1.3.7
                ArteryTek AT32F4 Series Device Support,Drivers
   * Component: Startup Version: 1.0.1
   * Component: ADC Version: 1.0.1
   * Component: BKPR Version: 1.0.1
   * Component: DMA Version: 1.0.1
   * Component: EXTI Version: 1.0.1
   * Component: FMC Version: 1.0.1
   * Component: Framework Version: 1.0.1
   * Component: GPIO Version: 1.0.1
   * Component: PWR Version: 1.0.1
   * Component: RCC Version: 1.0.1
   * Component: RTC Version: 1.0.1
   * Component: SPI Version: 1.0.1
   * Component: TIMER Version: 1.0.1
   * Component: USART Version: 1.0.1
   * Component: System_AT32Fxx Version: 1.0.1

<h2>Collection of Component include folders:</h2>
  .\RTE\_X-Track
  E:\keil5\ARM\CMSIS\5.8.0\CMSIS\Core\Include
  E:\keil5\Keil\AT32F4xx_DFP\1.3.7\Device\Include
  E:\keil5\Keil\AT32F4xx_DFP\1.3.7\Device\StdPeriph_Driver\inc
  E:\keil5\Keil\AT32F4xx_DFP\1.3.7\Device\StdPeriph_Driver\templates

<h2>Collection of Component Files used:</h2>

   * Component: ARM::CMSIS:CORE:5.5.0

   * Component: Keil::Device:Startup:1.0.1
      Source file:   Device\Source\ARM\startup_at32f403acgu7.s

   * Component: Keil::Device:StdPeriph Drivers:ADC:1.0.1
      Source file:   Device\StdPeriph_Driver\src\at32f4xx_adc.c
      Include file:  Device\StdPeriph_Driver\inc\at32f4xx_adc.h

   * Component: Keil::Device:StdPeriph Drivers:BKPR:1.0.1
      Include file:  Device\StdPeriph_Driver\inc\at32f4xx_bkp.h
      Source file:   Device\StdPeriph_Driver\src\at32f4xx_bkp.c

   * Component: Keil::Device:StdPeriph Drivers:DMA:1.0.1
      Include file:  Device\StdPeriph_Driver\inc\at32f4xx_dma.h
      Source file:   Device\StdPeriph_Driver\src\at32f4xx_dma.c

   * Component: Keil::Device:StdPeriph Drivers:EXTI:1.0.1
      Include file:  Device\StdPeriph_Driver\inc\at32f4xx_exti.h
      Source file:   Device\StdPeriph_Driver\src\at32f4xx_exti.c

   * Component: Keil::Device:StdPeriph Drivers:FMC:1.0.1
      Source file:   Device\StdPeriph_Driver\src\at32f4xx_flash.c
      Include file:  Device\StdPeriph_Driver\inc\at32f4xx_flash.h

   * Component: Keil::Device:StdPeriph Drivers:Framework:1.0.1
      Source file:   Device\StdPeriph_Driver\templates\at32f4xx_it.c
      Source file:   Device\StdPeriph_Driver\templates\at32f4xx_conf.h
      Source file:   Device\StdPeriph_Driver\src\misc.c

   * Component: Keil::Device:StdPeriph Drivers:GPIO:1.0.1
      Include file:  Device\StdPeriph_Driver\inc\at32f4xx_gpio.h
      Source file:   Device\StdPeriph_Driver\src\at32f4xx_gpio.c

   * Component: Keil::Device:StdPeriph Drivers:PWR:1.0.1
      Source file:   Device\StdPeriph_Driver\src\at32f4xx_pwr.c
      Include file:  Device\StdPeriph_Driver\inc\at32f4xx_pwr.h

   * Component: Keil::Device:StdPeriph Drivers:RCC:1.0.1
      Source file:   Device\StdPeriph_Driver\src\at32f4xx_rcc.c
      Include file:  Device\StdPeriph_Driver\inc\at32f4xx_rcc.h

   * Component: Keil::Device:StdPeriph Drivers:RTC:1.0.1
      Include file:  Device\StdPeriph_Driver\inc\at32f4xx_rtc.h
      Source file:   Device\StdPeriph_Driver\src\at32f4xx_rtc.c

   * Component: Keil::Device:StdPeriph Drivers:SPI:1.0.1
      Source file:   Device\StdPeriph_Driver\src\at32f4xx_spi.c
      Include file:  Device\StdPeriph_Driver\inc\at32f4xx_spi.h

   * Component: Keil::Device:StdPeriph Drivers:TIMER:1.0.1
      Source file:   Device\StdPeriph_Driver\src\at32f4xx_tim.c
      Include file:  Device\StdPeriph_Driver\inc\at32f4xx_tim.h

   * Component: Keil::Device:StdPeriph Drivers:USART:1.0.1
      Include file:  Device\StdPeriph_Driver\inc\at32f4xx_usart.h
      Source file:   Device\StdPeriph_Driver\src\at32f4xx_usart.c

   * Component: Keil::Device:System_AT32Fxx:1.0.1
      Source file:   Device\Source\system_at32f4xx.c
Build Time Elapsed:  00:00:15
</pre>
</body>
</html>
